// Jest Snapshot v1, https://goo.gl/fbAQLP

exports[`Profile snapshot renders 1`] = `ShallowWrapper {}`;
